// Jest Snapshot v1, https://goo.gl/fbAQLP

exports[`Files Smoke test 1`] = `
"{
  "name": "@my-scope/myproject",
  "types": {
    "@my-scope/myproject.FooProject": {
      "assembly": "@my-scope/myproject",
      "base": "projen.typescript.TypeScriptProject",
      "fqn": "@my-scope/myproject.FooProject",
      "kind": "class",
      "name": "FooProject",
      "initializer": {
        "parameters": [
          {
            "name": "options",
            "type": {
              "fqn": "projen.typescript.TypeScriptProjectOptions"
            }
          }
        ]
      }
    }
  },
  "//": "~~ Generated by projen. To modify, edit .projenrc.js and run \\"npx projen\\"."
}
"
`;
